Microchip MPLAB XC8 Compiler V2.40

Linker command line:

-W-3 \
  --edf=C:\Program Files\Microchip\xc8\v2.40\pic\dat\20220703182018_en.msgs \
  -cn -h+dist/default/production\application.X.production.sym \
  --cmf=dist/default/production\application.X.production.cmf -z -Q18F24Q10 \
  -oC:\Users\FATIHE~1\AppData\Local\Temp\xcAs7rs.7 --defsym=__MPLAB_BUILD=1 \
  --fixupoverflow=error \
  -Mdist/default/production/application.X.production.map \
  --md=C:\Users\FATIHE~1\AppData\Local\Temp\xcBs7rs.dat -E1 \
  -ver=XC8 Compiler --acfsm=1493 -ACODE=01500h-03FFFh -ACONST=01500h-03FFFh \
  -ASMALLCONST=01500h-015FFhx43 -AMEDIUMCONST=01500h-03FFFh \
  -ACOMRAM=01h-05Fh -AABS1=00h-03FFh -ABIGRAM=01h-03FFh \
  -ARAM=060h-0FFh,0100h-01FFhx3 -ABANK0=060h-0FFh -ABANK1=0100h-01FFh \
  -ABANK2=0200h-02FFh -ABANK3=0300h-03FFh \
  -ASFR=0400h-04FFh,0E88h-0EFFh,0F00h-0F5Fh,0F60h-0FFFh \
  -ABIGSFR=0400h-04FFh,0E88h-0FFFh -ACONFIG=0300000h-030000Bh \
  -AIDLOC=0200000h-02000FFh -AEEDATA=0310000h-03100FFh -peeprom_data=EEDATA \
  -preset_vec=01500h,intcode,intcodelo,powerup,init -pramtop=0500h \
  -psmallconst=SMALLCONST -pmediumconst=MEDIUMCONST -pconst=CONST \
  -AFARRAM=00h-00h \
  -prdata=COMRAM,nvrram=COMRAM,nvbit=COMRAM,rbss=COMRAM,rbit=COMRAM \
  -pfarbss=FARRAM,fardata=FARRAM,nvFARRAM=FARRAM \
  -pintsave_regs=BIGRAM,bigbss=BIGRAM,bigdata=BIGRAM -pbss=RAM \
  -pidata=CODE,irdata=CODE,ibigdata=CODE,ifardata=CODE -prparam=COMRAM \
  C:\Users\FATIHE~1\AppData\Local\Temp\xcAs7rs.o \
  dist/default/production\application.X.production.o 

Object code version is 3.11

Machine type is 18F24Q10



                Name                               Link     Load   Length Selector   Space Scale
C:\Users\FATIHE~1\AppData\Local\Temp\xcAs7rs.o
                idloc                            200000   200000      100        0       5
                config                           300000   300000        C        0       4
                init                               1500     1500        4      A80       0
dist/default/production\application.X.production.o
                idloc                            200000   200000      100        0       5
                config                           300000   300000        C        0       4
                smallconst                         1504     1504        4      A82       0
                text5                              3DF6     3DF6        2     1EFB       0
                text4                              3F6A     3F6A       96     1FB5       0
                text3                              3EEC     3EEC       7E     1F76       0
                text2                              3E38     3E38       4E     1F1C       0
                text1                              3E12     3E12       26     1F09       0
                text0                              3E86     3E86       66     1F43       0
                cstackCOMRAM                         26       26       1E        1       1
                bssCOMRAM                             1        1       25        1       1
                cinit                              3DF8     3DF8       1A     1EFC       0

TOTAL           Name                               Link     Load   Length     Space
        CLASS   CODE           
                init                               1500     1500        4         0
                text5                              3DF6     3DF6        2         0
                text4                              3F6A     3F6A       96         0
                text3                              3EEC     3EEC       7E         0
                text2                              3E38     3E38       4E         0
                text1                              3E12     3E12       26         0
                text0                              3E86     3E86       66         0
                cinit                              3DF8     3DF8       1A         0

        CLASS   CONST          

        CLASS   SMALLCONST     
                smallconst                         1504     1504        4         0

        CLASS   MEDIUMCONST    

        CLASS   COMRAM         
                cstackCOMRAM                         26       26       1E         1
                bssCOMRAM                             1        1       25         1

        CLASS   ABS1           

        CLASS   BIGRAM         

        CLASS   RAM            

        CLASS   BANK0          

        CLASS   BANK1          

        CLASS   BANK2          

        CLASS   BANK3          

        CLASS   SFR            

        CLASS   BIGSFR         

        CLASS   CONFIG         
                config                           300000   300000        C         4

        CLASS   IDLOC          
                idloc                            200000   200000      100         5

        CLASS   EEDATA         

        CLASS   FARRAM         

        CLASS   HEAP           

        CLASS   STACK          



SEGMENTS        Name                           Load    Length   Top    Selector   Space  Class

                bssCOMRAM                      000001  000043  000044         1       1  COMRAM  
                reset_vec                      001500  000004  001504       A80       0  CODE    
                smallconst                     001504  000004  001508       A82       0  SMALLCON
                text5                          003DF6  000002  003DF8      1EFB       0  CODE    
                cinit                          003DF8  00001A  003E12      1EFC       0  CODE    
                text1                          003E12  000026  003E38      1F09       0  CODE    
                text2                          003E38  00004E  003E86      1F1C       0  CODE    
                text0                          003E86  000066  003EEC      1F43       0  CODE    
                text3                          003EEC  00007E  003F6A      1F76       0  CODE    
                text4                          003F6A  000096  004000      1FB5       0  CODE    


UNUSED ADDRESS RANGES

        Name                Unused          Largest block    Delta
        BANK0            000060-0000FF               A0
        BANK1            000100-0001FF              100
        BANK2            000200-0002FF              100
        BANK3            000300-0003FF              100
        BIGRAM           000044-0003FF              3BC
        BIGSFR           000400-0004FF              100
                         000E88-000FFF              178
        CODE             001508-003DF5             28EE
        COMRAM           000044-00005F               1C
        CONST            001508-003DF5             28EE
        EEDATA           310000-3100FF              100
        FARRAM           000000-000000                1
        MEDIUMCONST      001508-003DF5             28EE
        RAM              000060-0003FF              100
        SFR              000400-0004FF              100
                         000E88-000FFF               78
        SMALLCONST       001508-003DF5              100

                                  Symbol Table

?_printf                 cstackCOMRAM 00003D
?_vfprintf               cstackCOMRAM 000035
_LATA5                   (abs)        007C15
_TRISA5                  (abs)        007C3D
__HRAM                   (abs)        000000
__Habs1                  abs1         000000
__Hbank0                 bank0        000000
__Hbank1                 bank1        000000
__Hbank2                 bank2        000000
__Hbank3                 bank3        000000
__Hbigbss                bigbss       000000
__Hbigdata               bigdata      000000
__Hbigram                bigram       000000
__Hbigsfr                bigsfr       000000
__Hbss                   bss          000000
__HbssCOMRAM             bssCOMRAM    000000
__Hcinit                 cinit        000000
__Hclrtext               clrtext      000000
__Hcomram                comram       000000
__Hconfig                config       30000C
__Hconst                 const        000000
__HcstackCOMRAM          cstackCOMRAM 000000
__Hdata                  data         000000
__Heeprom_data           eeprom_data  000000
__Hfarbss                farbss       000000
__Hfardata               fardata      000000
__Hheap                  heap         000000
__Hibigdata              ibigdata     000000
__Hidata                 idata        000000
__Hidloc                 idloc        200100
__Hifardata              ifardata     000000
__Hinit                  init         001504
__Hintcode               intcode      001500
__Hintcode_body          intcode_body 000000
__Hintcodelo             intcodelo    001500
__Hintentry              intentry     000000
__Hintret                intret       000000
__Hintsave_regs          intsave_regs 000000
__Hirdata                irdata       000000
__Hmediumconst           mediumconst  000000
__HnvFARRAM              nvFARRAM     000000
__Hnvbit                 nvbit        000000
__Hnvrram                nvrram       000000
__Hparam                 rparam       000000
__Hpowerup               powerup      001500
__Hram                   ram          000000
__Hramtop                ramtop       000500
__Hrbit                  rbit         000000
__Hrbss                  rbss         000000
__Hrdata                 rdata        000000
__Hreset_vec             reset_vec    001500
__Hrparam                rparam       000000
__Hsfr                   sfr          000000
__Hsmallconst            smallconst   001508
__Hspace_0               (abs)        004000
__Hspace_1               (abs)        000044
__Hspace_2               (abs)        000000
__Hspace_4               (abs)        60000C
__Hstack                 stack        000000
__Hstruct                struct       000000
__Htemp                  temp         000000
__Htext                  text         000000
__Htext0                 text0        000000
__Htext1                 text1        000000
__Htext2                 text2        000000
__Htext3                 text3        000000
__Htext4                 text4        000000
__Htext5                 text5        000000
__LRAM                   (abs)        000001
__Labs1                  abs1         000000
__Lbank0                 bank0        000000
__Lbank1                 bank1        000000
__Lbank2                 bank2        000000
__Lbank3                 bank3        000000
__Lbigbss                bigbss       000000
__Lbigdata               bigdata      000000
__Lbigram                bigram       000000
__Lbigsfr                bigsfr       000000
__Lbss                   bss          000000
__LbssCOMRAM             bssCOMRAM    000000
__Lcinit                 cinit        000000
__Lclrtext               clrtext      000000
__Lcomram                comram       000000
__Lconfig                config       000000
__Lconst                 const        000000
__LcstackCOMRAM          cstackCOMRAM 000000
__Ldata                  data         000000
__Leeprom_data           eeprom_data  000000
__Lfarbss                farbss       000000
__Lfardata               fardata      000000
__Lheap                  heap         000000
__Libigdata              ibigdata     000000
__Lidata                 idata        000000
__Lidloc                 idloc        000000
__Lifardata              ifardata     000000
__Linit                  init         001500
__Lintcode               intcode      001500
__Lintcode_body          intcode_body 000000
__Lintcodelo             intcodelo    001500
__Lintentry              intentry     000000
__Lintret                intret       000000
__Lintsave_regs          intsave_regs 000000
__Lirdata                irdata       000000
__Lmediumconst           mediumconst  000000
__LnvFARRAM              nvFARRAM     000000
__Lnvbit                 nvbit        000000
__Lnvrram                nvrram       000000
__Lparam                 rparam       000000
__Lpowerup               powerup      001500
__Lram                   ram          000000
__Lramtop                ramtop       000500
__Lrbit                  rbit         000000
__Lrbss                  rbss         000000
__Lrdata                 rdata        000000
__Lreset_vec             reset_vec    001500
__Lrparam                rparam       000000
__Lsfr                   sfr          000000
__Lsmallconst            smallconst   001504
__Lspace_0               (abs)        000000
__Lspace_1               (abs)        000000
__Lspace_2               (abs)        000000
__Lspace_4               (abs)        000000
__Lstack                 stack        000000
__Lstruct                struct       000000
__Ltemp                  temp         000000
__Ltext                  text         000000
__Ltext0                 text0        000000
__Ltext1                 text1        000000
__Ltext2                 text2        000000
__Ltext3                 text3        000000
__Ltext4                 text4        000000
__Ltext5                 text5        000000
__S0                     (abs)        004000
__S1                     (abs)        000044
__S4                     (abs)        000000
__S5                     (abs)        000000
___heap_hi               (abs)        000000
___heap_lo               (abs)        000000
___inthi_sp              stack        000000
___intlo_sp              stack        000000
___param_bank            (abs)        000000
___rparam_used           (abs)        000001
___sp                    stack        000000
__accesstop              (abs)        000060
__activetblptr           (abs)        000001
__end_of__initialization cinit        003E04
__end_of_fputc           text4        004000
__end_of_main            text0        003EEC
__end_of_printf          text1        003E38
__end_of_putch           text5        003DF8
__end_of_vfpfcnvrt       text3        003F6A
__end_of_vfprintf        text2        003E86
__initialization         cinit        003DF8
__mediumconst            mediumconst  000000
__pbssCOMRAM             bssCOMRAM    000001
__pcinit                 cinit        003DF8
__pcstackCOMRAM          cstackCOMRAM 000026
__psmallconst            smallconst   001504
__ptext0                 text0        003E86
__ptext1                 text1        003E12
__ptext2                 text2        003E38
__ptext3                 text3        003EEC
__ptext4                 text4        003F6A
__ptext5                 text5        003DF6
__ramtop                 ramtop       000500
__smallconst             smallconst   001504
_flags                   bssCOMRAM    000025
_fputc                   text4        003F6A
_main                    text0        003E86
_prec                    bssCOMRAM    000023
_printf                  text1        003E12
_putch                   text5        003DF6
_vfpfcnvrt               text3        003EEC
_vfprintf                text2        003E38
_width                   bssCOMRAM    000021
end_of_initialization    cinit        003E04
fputc@c                  cstackCOMRAM 000026
fputc@fp                 cstackCOMRAM 000028
intlevel0                text         000000
intlevel1                text         000000
intlevel2                text         000000
intlevel3                text         000000
isa$std                  (abs)        000001
isa$xinst                (abs)        000000
main@counter             cstackCOMRAM 000043
printf@ap                cstackCOMRAM 00003F
printf@fmt               cstackCOMRAM 00003D
stackhi                  (abs)        000000
stacklo                  (abs)        000000
start                    init         001500
start_initialization     cinit        003DF8
vfpfcnvrt@ap             cstackCOMRAM 000033
vfpfcnvrt@fmt            cstackCOMRAM 000031
vfpfcnvrt@fp             cstackCOMRAM 00002F
vfprintf@ap              cstackCOMRAM 000039
vfprintf@cfmt            cstackCOMRAM 00003B
vfprintf@fmt             cstackCOMRAM 000037
vfprintf@fp              cstackCOMRAM 000035


MODULE INFORMATION

Module		Function		Class		Link	Load	Size
C:\Program Files\Microchip\xc8\v2.40\pic\sources\c99\common\nf_fputc.c
		_fputc         		CODE           	3F6A	0000	150

C:\Program Files\Microchip\xc8\v2.40\pic\sources\c99\common\nf_fputc.c estimated size: 150

C:\Program Files\Microchip\xc8\v2.40\pic\sources\c99\common\printf.c
		_printf        		CODE           	3E12	0000	38

C:\Program Files\Microchip\xc8\v2.40\pic\sources\c99\common\printf.c estimated size: 38

shared
		__initialization		CODE           	3DF8	0000	12

shared estimated size: 12

C:\Program Files\Microchip\xc8\v2.40\pic\sources\c99\common\putch.c
		_putch         		CODE           	3DF6	0000	2

C:\Program Files\Microchip\xc8\v2.40\pic\sources\c99\common\putch.c estimated size: 2

C:\Program Files\Microchip\xc8\v2.40\pic\sources\c99\common\doprnt.c
		_vfpfcnvrt     		CODE           	3EEC	0000	126
		_vfprintf      		CODE           	3E38	0000	78

C:\Program Files\Microchip\xc8\v2.40\pic\sources\c99\common\doprnt.c estimated size: 204

main.c
		_main          		CODE           	3E86	0000	102

main.c estimated size: 102

